Microchip MPLAB XC8 Compiler V2.41

Linker command line:

-W-3 \
  --edf=C:\Program Files\Microchip\xc8\v2.41\pic\dat\20230208172133_en.msgs \
  -cn -h+dist/default/production\PROJECTVDK.X.production.sym \
  --cmf=dist/default/production\PROJECTVDK.X.production.cmf -z -Q16F877A \
  -oC:\Users\Giang\AppData\Local\Temp\xcAshlc.\driver_tmp_3.o \
  --defsym=__MPLAB_BUILD=1 --fixupoverflow=error \
  -Mdist/default/production/PROJECTVDK.X.production.map \
  --md=C:\Users\Giang\AppData\Local\Temp\xcAshlc.\driver_tmp_0.dat -E1 \
  -ver=XC8 Compiler --acfsm=1493 -ACODE=00h-07FFhx4 -ASTRCODE=00h-01FFFh \
  -ASTRING=00h-0FFhx32 -ACONST=00h-0FFhx32 -AENTRY=00h-0FFhx32 \
  -ACOMMON=070h-07Fh -ABANK0=020h-06Fh -ABANK1=0A0h-0EFh \
  -ABANK2=0110h-016Fh -ABANK3=0190h-01EFh \
  -ARAM=020h-06Fh,0A0h-0EFh,0110h-016Fh,0190h-01EFh \
  -AABS1=020h-07Fh,0A0h-0EFh,0110h-016Fh,0190h-01EFh -ASFR0=00h-01Fh \
  -ASFR1=080h-09Fh -ASFR2=0100h-010Fh -ASFR3=0180h-018Fh \
  -ACONFIG=02007h-02007h -DCONFIG=2 -AIDLOC=02000h-02003h -DIDLOC=2 \
  -AEEDATA=00h-0FFh/02100h -peeprom_data=EEDATA -DEEDATA=2 -DCODE=2 \
  -DSTRCODE=2 -DSTRING=2 -DCONST=2 -DENTRY=2 \
  -preset_vec=00h,intentry,init,end_init -ppowerup=CODE -pcinit=CODE \
  -pfunctab=ENTRY -k \
  C:\Users\Giang\AppData\Local\Temp\xcAshlc.\driver_tmp_12.o \
  dist/default/production\PROJECTVDK.X.production.o 

Object code version is 3.11

Machine type is 16F877A



                Name                               Link     Load   Length Selector   Space Scale
C:\Users\Giang\AppData\Local\Temp\xcAshlc.\driver_tmp_12.o
                end_init                              0        0        3        0       0
                config                             2007     2007        1        0       4
dist/default/production\PROJECTVDK.X.production.o
                cinit                               7E1      7E1       1F      FC2       0
                config                             2007     2007        1        0       4
                text38                              AF6      AF6       26     15EC       0
                text37                              B44      B44       29     1688       0
                text36                              A34      A34       19     1468       0
                text35                              A1D      A1D       17     143A       0
                text34                              9D1      9D1       12     13A2       0
                text33                             17EE     17EE        9     2FDC       0
                text32                              9A0      9A0       10     1340       0
                text31                             17F7     17F7        9     2FEE       0
                text30                                3        3        9        0       0
                text29                              C0D      C0D       47     181A       0
                text28                              986      986        D     130C       0
                text27                              962      962        C     12C4       0
                text26                              9B0      9B0       10     1360       0
                text25                              AB4      AB4       20     1568       0
                text24                              A4D      A4D       19     149A       0
                text23                              AD4      AD4       22     15A8       0
                text22                              B6D      B6D       2B     16DA       0
                text21                                C        C       35       18       0
                text20                              BCB      BCB       42     1796       0
                text19                              C54      C54       4F     18A8       0
                text18                              993      993        D     1326       0
                text17                              141      141      156      282       0
                text16                              9C0      9C0       11     1380       0
                text15                              A66      A66       1A     14CC       0
                text14                              3FD      3FD      1B7      7FA       0
                text13                              D9A      D9A       A5     1B34       0
                text12                               41       41      100       82       0
                text11                              297      297      166      52E       0
                text10                              CA3      CA3       58     1946       0
                text9                               A80      A80       1A     1500       0
                text8                               B98      B98       33     1730       0
                text7                               9E3      9E3       12     13C6       0
                text6                               A08      A08       15     1410       0
                text5                               F01      F01       FF     1E02       0
                text4                               A9A      A9A       1A     1534       0
                text3                               5B4      5B4      22D      B68       0
                text2                               B1C      B1C       28     1638       0
                text1                               E3F      E3F       C2     1C7E       0
                maintext                            CFB      CFB       9F     19F6       0
                cstackBANK0                          20       20       43       20       1
                cstackCOMMON                         70       70        E       70       1
                inittext                            9F5      9F5       13     13EA       0
                dataBANK1                            A0       A0        C       A0       1
                dataBANK0                            63       63        C       20       1
                stringtext                          800      800      150       10       0
                strings                             950      950       12     12A0       0
                idataBANK1                          96E      96E        C     12DC       0
                idataBANK0                          97A      97A        C     12F4       0

TOTAL           Name                               Link     Load   Length     Space
        CLASS   CODE           
                end_init                              0        0        3         0
                cinit                               7E1      7E1       1F         0
                text38                              AF6      AF6       26         0
                text37                              B44      B44       29         0
                text36                              A34      A34       19         0
                text35                              A1D      A1D       17         0
                text34                              9D1      9D1       12         0
                text33                             17EE     17EE        9         0
                text32                              9A0      9A0       10         0
                text31                             17F7     17F7        9         0
                text30                                3        3        9         0
                text29                              C0D      C0D       47         0
                text28                              986      986        D         0
                text27                              962      962        C         0
                text26                              9B0      9B0       10         0
                text25                              AB4      AB4       20         0
                text24                              A4D      A4D       19         0
                text23                              AD4      AD4       22         0
                text22                              B6D      B6D       2B         0
                text21                                C        C       35         0
                text20                              BCB      BCB       42         0
                text19                              C54      C54       4F         0
                text18                              993      993        D         0
                text17                              141      141      156         0
                text16                              9C0      9C0       11         0
                text15                              A66      A66       1A         0
                text14                              3FD      3FD      1B7         0
                text13                              D9A      D9A       A5         0
                text12                               41       41      100         0
                text11                              297      297      166         0
                text10                              CA3      CA3       58         0
                text9                               A80      A80       1A         0
                text8                               B98      B98       33         0
                text7                               9E3      9E3       12         0
                text6                               A08      A08       15         0
                text5                               F01      F01       FF         0
                text4                               A9A      A9A       1A         0
                text3                               5B4      5B4      22D         0
                text2                               B1C      B1C       28         0
                text1                               E3F      E3F       C2         0
                maintext                            CFB      CFB       9F         0
                inittext                            9F5      9F5       13         0
                idataBANK1                          96E      96E        C         0
                idataBANK0                          97A      97A        C         0

        CLASS   STRCODE        
                stringtext                          800      800      150         0

        CLASS   STRING         
                strings                             950      950       12         0

        CLASS   CONST          

        CLASS   ENTRY          

        CLASS   COMMON         
                cstackCOMMON                         70       70        E         1

        CLASS   BANK0          
                cstackBANK0                          20       20       43         1
                dataBANK0                            63       63        C         1

        CLASS   BANK1          
                dataBANK1                            A0       A0        C         1

        CLASS   BANK2          

        CLASS   BANK3          

        CLASS   RAM            

        CLASS   ABS1           
                abs_s1                               7E       7E        2         1

        CLASS   SFR0           

        CLASS   SFR1           

        CLASS   SFR2           

        CLASS   SFR3           

        CLASS   CONFIG         
                config                             2007     2007        1         4

        CLASS   IDLOC          

        CLASS   EEDATA         

        CLASS   STACK          



SEGMENTS        Name                           Load    Length   Top    Selector   Space  Class     Delta

                reset_vec                      000000  00000C  00000C         0       0  CODE        2
                text21                         00000C  000035  000041        18       0  CODE        2
                cstackBANK0                    000020  00004F  00006F        20       1  BANK0       1
                cstackCOMMON                   000070  00000E  00007E        70       1  COMMON      1
                text12                         000041  000100  000141        82       0  CODE        2
                dataBANK1                      0000A0  00000C  0000AC        A0       1  BANK1       1
                text17                         000141  000156  000297       282       0  CODE        2
                text11                         000297  000166  0003FD       52E       0  CODE        2
                text14                         0003FD  0001B7  0005B4       7FA       0  CODE        2
                text3                          0005B4  00022D  0007E1       B68       0  CODE        2
                cinit                          0007E1  00001F  000800       FC2       0  CODE        2
                stringtext                     000800  000150  000950        10       0  STRCODE     2
                strings                        000950  000012  000962      12A0       0  STRING      2
                text27                         000962  00000C  00096E      12C4       0  CODE        2
                idataBANK1                     00096E  00000C  00097A      12DC       0  CODE        2
                idataBANK0                     00097A  00000C  000986      12F4       0  CODE        2
                text28                         000986  00000D  000993      130C       0  CODE        2
                text18                         000993  00000D  0009A0      1326       0  CODE        2
                text32                         0009A0  000010  0009B0      1340       0  CODE        2
                text26                         0009B0  000010  0009C0      1360       0  CODE        2
                text16                         0009C0  000011  0009D1      1380       0  CODE        2
                text34                         0009D1  000012  0009E3      13A2       0  CODE        2
                text7                          0009E3  000012  0009F5      13C6       0  CODE        2
                inittext                       0009F5  000013  000A08      13EA       0  CODE        2
                text6                          000A08  000015  000A1D      1410       0  CODE        2
                text35                         000A1D  000017  000A34      143A       0  CODE        2
                text36                         000A34  000019  000A4D      1468       0  CODE        2
                text24                         000A4D  000019  000A66      149A       0  CODE        2
                text15                         000A66  00001A  000A80      14CC       0  CODE        2
                text9                          000A80  00001A  000A9A      1500       0  CODE        2
                text4                          000A9A  00001A  000AB4      1534       0  CODE        2
                text25                         000AB4  000020  000AD4      1568       0  CODE        2
                text23                         000AD4  000022  000AF6      15A8       0  CODE        2
                text38                         000AF6  000026  000B1C      15EC       0  CODE        2
                text2                          000B1C  000028  000B44      1638       0  CODE        2
                text37                         000B44  000029  000B6D      1688       0  CODE        2
                text22                         000B6D  00002B  000B98      16DA       0  CODE        2
                text8                          000B98  000033  000BCB      1730       0  CODE        2
                text20                         000BCB  000042  000C0D      1796       0  CODE        2
                text29                         000C0D  000047  000C54      181A       0  CODE        2
                text19                         000C54  00004F  000CA3      18A8       0  CODE        2
                text10                         000CA3  000058  000CFB      1946       0  CODE        2
                maintext                       000CFB  00009F  000D9A      19F6       0  CODE        2
                text13                         000D9A  0000A5  000E3F      1B34       0  CODE        2
                text1                          000E3F  0000C2  000F01      1C7E       0  CODE        2
                text5                          000F01  0000FF  001000      1E02       0  CODE        2
                text33                         0017EE  000009  0017F7      2FDC       0  CODE        2
                text31                         0017F7  000009  001800      2FEE       0  CODE        2


UNUSED ADDRESS RANGES

        Name                Unused          Largest block    Delta
        BANK0            006F-006F              1           1
        BANK1            00AC-00EF             44           1
        BANK2            0110-016F             60           1
        BANK3            0190-01EF             60           1
        CODE             1000-17ED            7EE           2
                         1800-1FFF            800
        CONST            1000-17ED            100           2
                         1800-1FFF            100
        EEDATA           2100-21FF            100           2
        ENTRY            1000-17ED            100           2
                         1800-1FFF            100
        IDLOC            2000-2003              4           2
        RAM              006F-006F              1           1
                         00AC-00EF             44
                         0110-016F             60
                         0190-01EF             60
        SFR0             0000-001F             20           1
        SFR1             0080-009F             20           1
        SFR2             0100-010F             10           1
        SFR3             0180-018F             10           1
        STRCODE          1000-17ED            7EE           2
                         1800-1FFF            800
        STRING           1000-17ED            100           2
                         1800-1FFF            100

                                  Symbol Table

MFRC522_AntiColl@_status        cstackBANK0  0035
MFRC522_AntiColl@i              cstackBANK0  0036
MFRC522_AntiColl@serNum         cstackBANK0  0037
MFRC522_AntiColl@serNumCheck    cstackBANK0  0032
MFRC522_AntiColl@unLen          cstackBANK0  0033
MFRC522_Clear_Bit@addr          cstackCOMMON 007B
MFRC522_Clear_Bit@mask          cstackCOMMON 0079
MFRC522_Rd@addr                 cstackCOMMON 0074
MFRC522_Rd@value                cstackCOMMON 0075
MFRC522_ReadCardSerial@_status  cstackBANK0  0038
MFRC522_ReadCardSerial@str      cstackBANK0  0039
MFRC522_Request@TagType         cstackCOMMON 007C
MFRC522_Request@_status         cstackBANK0  0033
MFRC522_Request@backBits        cstackBANK0  0034
MFRC522_Request@reqMode         cstackBANK0  0032
MFRC522_Set_Bit@addr            cstackCOMMON 007A
MFRC522_Set_Bit@mask            cstackCOMMON 0079
MFRC522_ToCard@_status          cstackBANK0  002B
MFRC522_ToCard@backData         cstackBANK0  0022
MFRC522_ToCard@backLen          cstackBANK0  0023
MFRC522_ToCard@command          cstackBANK0  002E
MFRC522_ToCard@i                cstackBANK0  002F
MFRC522_ToCard@irqEn            cstackBANK0  002D
MFRC522_ToCard@lastBits         cstackBANK0  002C
MFRC522_ToCard@n                cstackBANK0  0031
MFRC522_ToCard@sendData         cstackBANK0  0020
MFRC522_ToCard@sendLen          cstackBANK0  0021
MFRC522_ToCard@waitIRq          cstackBANK0  002A
MFRC522_Wr@addr                 cstackCOMMON 0078
MFRC522_Wr@value                cstackCOMMON 0076
MFRC522_isCard@TagType          cstackCOMMON 007D
Soft_SPI_Read@cont_s            cstackCOMMON 0072
Soft_SPI_Read@dato_             cstackCOMMON 0071
Soft_SPI_Write@cont_s           cstackCOMMON 0072
Soft_SPI_Write@dato_            cstackCOMMON 0071
_EEADR                          (abs)        010D
_EECON1bits                     (abs)        018C
_EECON2                         (abs)        018D
_EEDATA                         (abs)        010C
_INTCONbits                     (abs)        000B
_MFRC522_AntennaOff             text33       17EE
_MFRC522_AntennaOn              text31       17F7
_MFRC522_AntiColl               text10       0CA3
_MFRC522_Clear_Bit              text34       09D1
_MFRC522_Init                   text29       0C0D
_MFRC522_Rd                     text36       0A34
_MFRC522_ReadCardSerial         text9        0A80
_MFRC522_Request                text8        0B98
_MFRC522_Reset                  text30       0003
_MFRC522_Set_Bit                text32       09A0
_MFRC522_ToCard                 text11       0297
_MFRC522_Wr                     text35       0A1D
_MFRC522_isCard                 text7        09E3
_OPTION_REG                     (abs)        0081
_PIR2bits                       (abs)        000D
_PORTAbits                      (abs)        0005
_PORTB                          (abs)        0006
_PORTD                          (abs)        0008
_PORTDbits                      (abs)        0008
_RB0                            (abs)        0030
_RB1                            (abs)        0031
_RB2                            (abs)        0032
_RB3                            (abs)        0033
_RB4                            (abs)        0034
_RB5                            (abs)        0035
_RB6                            (abs)        0036
_RB7                            (abs)        0037
_RC0                            (abs)        0038
_RC1                            (abs)        0039
_RC2                            (abs)        003A
_RC3                            (abs)        003B
_RC4                            (abs)        003C
_Soft_SPI_Init                  text28       0986
_Soft_SPI_Read                  text38       0AF6
_Soft_SPI_Write                 text37       0B44
_TRISA                          (abs)        0085
_TRISB                          (abs)        0086
_TRISCbits                      (abs)        0087
_TRISD                          (abs)        0088
__H__absolute__                 __absolute__ 0000
__Habs1                         abs1         0000
__Hbank0                        bank0        0000
__Hbank1                        bank1        0000
__Hbank2                        bank2        0000
__Hbank3                        bank3        0000
__Hcinit                        cinit        0800
__Hclrtext                      clrtext      0000
__Hcode                         code         0000
__Hcommon                       common       0000
__Hconfig                       config       2008
__HcstackBANK0                  cstackBANK0  0000
__HcstackCOMMON                 cstackCOMMON 0000
__HdataBANK0                    dataBANK0    0000
__HdataBANK1                    dataBANK1    0000
__Heeprom_data                  eeprom_data  0000
__Hend_init                     end_init     0003
__Hfunctab                      functab      0000
__HidataBANK0                   idataBANK0   0000
__HidataBANK1                   idataBANK1   0000
__Hinit                         init         0000
__Hinittext                     inittext     0000
__Hintentry                     intentry     0000
__Hmaintext                     maintext     0000
__Hpowerup                      powerup      0000
__Hram                          ram          0000
__Hreset_vec                    reset_vec    0000
__Hsfr0                         sfr0         0000
__Hsfr1                         sfr1         0000
__Hsfr2                         sfr2         0000
__Hsfr3                         sfr3         0000
__Hspace_0                      (abs)        1800
__Hspace_1                      (abs)        00AC
__Hspace_2                      (abs)        0000
__Hspace_3                      (abs)        0000
__Hspace_4                      (abs)        400F
__Hstack                        stack        0000
__Hstrings                      strings      0000
__Hstringtext                   stringtext   0000
__Htext                         text         0000
__L__absolute__                 __absolute__ 0000
__Labs1                         abs1         0000
__Lbank0                        bank0        0000
__Lbank1                        bank1        0000
__Lbank2                        bank2        0000
__Lbank3                        bank3        0000
__Lcinit                        cinit        07E1
__Lclrtext                      clrtext      0000
__Lcode                         code         0000
__Lcommon                       common       0000
__Lconfig                       config       0000
__LcstackBANK0                  cstackBANK0  0000
__LcstackCOMMON                 cstackCOMMON 0000
__LdataBANK0                    dataBANK0    0000
__LdataBANK1                    dataBANK1    0000
__Leeprom_data                  eeprom_data  0000
__Lend_init                     end_init     0000
__Lfunctab                      functab      0000
__LidataBANK0                   idataBANK0   0000
__LidataBANK1                   idataBANK1   0000
__Linit                         init         0000
__Linittext                     inittext     0000
__Lintentry                     intentry     0000
__Lmaintext                     maintext     0000
__Lpowerup                      powerup      0000
__Lram                          ram          0000
__Lreset_vec                    reset_vec    0000
__Lsfr0                         sfr0         0000
__Lsfr1                         sfr1         0000
__Lsfr2                         sfr2         0000
__Lsfr3                         sfr3         0000
__Lspace_0                      (abs)        0000
__Lspace_1                      (abs)        0000
__Lspace_2                      (abs)        0000
__Lspace_3                      (abs)        0000
__Lspace_4                      (abs)        0000
__Lstack                        stack        0000
__Lstrings                      strings      0000
__Lstringtext                   stringtext   0000
__Ltext                         text         0000
__S0                            (abs)        1800
__S1                            (abs)        00AC
__S3                            (abs)        0000
___bmul                         text6        0A08
___bmul@multiplicand            cstackCOMMON 0070
___bmul@multiplier              cstackCOMMON 0072
___bmul@product                 cstackCOMMON 0071
___int_sp                       stack        0000
___latbits                      (abs)        0002
___sp                           stack        0000
___stackhi                      (abs)        0000
___stacklo                      (abs)        0000
__end_of_MFRC522_AntennaOff     text33       17F7
__end_of_MFRC522_AntennaOn      text31       1800
__end_of_MFRC522_AntiColl       text10       0CFB
__end_of_MFRC522_Clear_Bit      text34       09E3
__end_of_MFRC522_Init           text29       0C54
__end_of_MFRC522_Rd             text36       0A4D
__end_of_MFRC522_ReadCardSerial text9        0A9A
__end_of_MFRC522_Request        text8        0BCB
__end_of_MFRC522_Reset          text30       000C
__end_of_MFRC522_Set_Bit        text32       09B0
__end_of_MFRC522_ToCard         text11       03FD
__end_of_MFRC522_Wr             text35       0A34
__end_of_MFRC522_isCard         text7        09F5
__end_of_Soft_SPI_Init          text28       0993
__end_of_Soft_SPI_Read          text38       0B1C
__end_of_Soft_SPI_Write         text37       0B6D
__end_of___bmul                 text6        0A1D
__end_of__initialization        cinit        07FC
__end_of__stringtab             strings      0962
__end_of_check_dulieu_the       text4        0AB4
__end_of_chuoi_kytu             text22       0B98
__end_of_clear_lcd              text21       0041
__end_of_du_lieu                text23       0AF6
__end_of_failunlock             text19       0CA3
__end_of_gui_Lenh               text26       09C0
__end_of_keypad_scanner         text17       0297
__end_of_khoi_taoKeypad         text27       096E
__end_of_khoi_taoLCD            text24       0A66
__end_of_lenh                   text25       0AD4
__end_of_lenh_doipass           text14       05B4
__end_of_lenh_mocua_matkhau     text12       0141
__end_of_lenh_mocua_quetthe     text5        1000
__end_of_lenh_themthe           text3        07E1
__end_of_lenh_xoathe            text2        0B44
__end_of_main                   maintext     0D9A
__end_of_menu                   text20       0C0D
__end_of_readEEPROM             text18       09A0
__end_of_switch_press_scan      text16       09D1
__end_of_taplenh_menu           text1        0F01
__end_of_unlock                 text13       0E3F
__end_of_writeEEPROM            text15       0A80
__initialization                cinit        07E1
__pcstackBANK0                  cstackBANK0  0020
__pcstackCOMMON                 cstackCOMMON 0070
__pdataBANK0                    dataBANK0    0063
__pdataBANK1                    dataBANK1    00A0
__pidataBANK0                   idataBANK0   097A
__pidataBANK1                   idataBANK1   096E
__pmaintext                     maintext     0CFB
__pstrings                      strings      0950
__pstringtext                   stringtext   0800
__ptext1                        text1        0E3F
__ptext10                       text10       0CA3
__ptext11                       text11       0297
__ptext12                       text12       0041
__ptext13                       text13       0D9A
__ptext14                       text14       03FD
__ptext15                       text15       0A66
__ptext16                       text16       09C0
__ptext17                       text17       0141
__ptext18                       text18       0993
__ptext19                       text19       0C54
__ptext2                        text2        0B1C
__ptext20                       text20       0BCB
__ptext21                       text21       000C
__ptext22                       text22       0B6D
__ptext23                       text23       0AD4
__ptext24                       text24       0A4D
__ptext25                       text25       0AB4
__ptext26                       text26       09B0
__ptext27                       text27       0962
__ptext28                       text28       0986
__ptext29                       text29       0C0D
__ptext3                        text3        05B4
__ptext30                       text30       0003
__ptext31                       text31       17F7
__ptext32                       text32       09A0
__ptext33                       text33       17EE
__ptext34                       text34       09D1
__ptext35                       text35       0A1D
__ptext36                       text36       0A34
__ptext37                       text37       0B44
__ptext38                       text38       0AF6
__ptext4                        text4        0A9A
__ptext5                        text5        0F01
__ptext6                        text6        0A08
__ptext7                        text7        09E3
__ptext8                        text8        0B98
__ptext9                        text9        0A80
__stringbase                    strings      0962
__stringtab                     strings      0950
_check_dulieu_the               text4        0A9A
_chuoi_kytu                     text22       0B6D
_clear_lcd                      text21       000C
_du_lieu                        text23       0AD4
_failunlock                     text19       0C54
_gui_Lenh                       text26       09B0
_keypad_scanner                 text17       0141
_khoi_taoKeypad                 text27       0962
_khoi_taoLCD                    text24       0A4D
_lenh                           text25       0AB4
_lenh_doipass                   text14       03FD
_lenh_mocua_matkhau             text12       0041
_lenh_mocua_quetthe             text5        0F01
_lenh_themthe                   text3        05B4
_lenh_xoathe                    text2        0B1C
_main                           maintext     0CFB
_menu                           text20       0BCB
_mk                             dataBANK0    0069
_readEEPROM                     text18       0993
_switch_press_scan              text16       09C0
_taplenh_menu                   text1        0E3F
_unlock                         text13       0D9A
_writeEEPROM                    text15       0A66
btemp                           (abs)        007E
check_dulieu_the@number         cstackCOMMON 0073
chuoi_kytu@a                    cstackCOMMON 0072
chuoi_kytu@i                    cstackCOMMON 0074
clear_lcd@a                     cstackCOMMON 0073
du_lieu@a                       cstackCOMMON 0071
end_of_initialization           cinit        07FC
gui_Lenh@a                      cstackCOMMON 0071
init_fetch0                     inittext     09F5
init_ram0                       inittext     09F9
intlevel0                       functab      0000
intlevel1                       functab      0000
intlevel2                       functab      0000
intlevel3                       functab      0000
intlevel4                       functab      0000
intlevel5                       functab      0000
lenh@a                          cstackCOMMON 0071
lenh_doipass@F1304              dataBANK1    00A0
lenh_doipass@a                  cstackBANK0  0020
lenh_doipass@flagmksai          cstackBANK0  0026
lenh_doipass@i                  cstackBANK0  002A
lenh_doipass@j                  cstackBANK0  0029
lenh_doipass@nutnhan            cstackBANK0  0028
lenh_mocua_matkhau@F1281        dataBANK0    0063
lenh_mocua_matkhau@a            cstackBANK0  0020
lenh_mocua_matkhau@flagmksai    cstackBANK0  0026
lenh_mocua_matkhau@i            cstackBANK0  002A
lenh_mocua_matkhau@j            cstackBANK0  0029
lenh_mocua_matkhau@nutnhan      cstackBANK0  0028
lenh_mocua_quetthe@TagType      cstackBANK0  0050
lenh_mocua_quetthe@UID          cstackBANK0  0041
lenh_mocua_quetthe@a            cstackBANK0  003F
lenh_mocua_quetthe@address      cstackBANK0  004D
lenh_mocua_quetthe@flag         cstackBANK0  003D
lenh_mocua_quetthe@h            cstackBANK0  004B
lenh_mocua_quetthe@i            cstackBANK0  004E
lenh_mocua_quetthe@j            cstackBANK0  0054
lenh_mocua_quetthe@tong         cstackBANK0  0056
lenh_mocua_quetthe@x            cstackBANK0  0052
lenh_mocua_quetthe@y            cstackBANK0  0053
lenh_themthe@F1288              dataBANK1    00A6
lenh_themthe@TagType            cstackBANK0  0051
lenh_themthe@UID                cstackBANK0  0043
lenh_themthe@a                  cstackBANK0  003D
lenh_themthe@flagmksai          cstackBANK0  004D
lenh_themthe@h                  cstackBANK0  0050
lenh_themthe@i                  cstackBANK0  0058
lenh_themthe@i_389              cstackBANK0  0053
lenh_themthe@j                  cstackBANK0  0057
lenh_themthe@j_393              cstackBANK0  0056
lenh_themthe@number             cstackBANK0  0055
lenh_themthe@nutnhan            cstackBANK0  004F
main@nut                        cstackBANK0  0062
readEEPROM@address              cstackCOMMON 0070
reset_vec                       reset_vec    0000
start                           init         0000
start_initialization            cinit        07E1
switch_press_scan@key           cstackCOMMON 0072
taplenh_menu@a                  cstackBANK0  005E
taplenh_menu@nut                cstackBANK0  005D
unlock@i                        cstackCOMMON 0079
unlock@j                        cstackCOMMON 0078
writeEEPROM@DATA                cstackCOMMON 0070
writeEEPROM@address             cstackCOMMON 0071
wtemp0                          (abs)        007E


MODULE INFORMATION

Module		Function		Class		Link	Load	Size
./soft_spi.h
		_Soft_SPI_Read 		CODE           	0AF6	0000	38
		_Soft_SPI_Init 		CODE           	0986	0000	13
		_Soft_SPI_Write		CODE           	0B44	0000	41

./soft_spi.h estimated size: 92

mainproject.c
		_main          		CODE           	0CFB	0000	159
		_readEEPROM    		CODE           	0993	0000	13
		_writeEEPROM   		CODE           	0A66	0000	26

mainproject.c estimated size: 198

./menu.h
		_lenh_xoathe   		CODE           	0B1C	0000	40
		_menu          		CODE           	0BCB	0000	66
		_check_dulieu_the		CODE           	0A9A	0000	26
		_lenh_doipass  		CODE           	03FD	0000	439
		_failunlock    		CODE           	0C54	0000	79
		_taplenh_menu  		CODE           	0E3F	0000	194
		_unlock        		CODE           	0D9A	0000	165
		_lenh_mocua_quetthe		CODE           	0F01	0000	255
		_lenh_themthe  		CODE           	05B4	0000	557
		_lenh_mocua_matkhau		CODE           	0041	0000	256

./menu.h estimated size: 2077

C:\Program Files\Microchip\xc8\v2.41\pic\sources\c90\common\Umul8.c
		___bmul        		CODE           	0A08	0000	21

C:\Program Files\Microchip\xc8\v2.41\pic\sources\c90\common\Umul8.c estimated size: 21

./RC522.h
		_MFRC522_Request		CODE           	0B98	0000	51
		_MFRC522_ReadCardSerial		CODE           	0A80	0000	26
		_MFRC522_Rd    		CODE           	0A34	0000	25
		_MFRC522_Wr    		CODE           	0A1D	0000	23
		_MFRC522_Init  		CODE           	0C0D	0000	71
		_MFRC522_AntiColl		CODE           	0CA3	0000	88
		_MFRC522_Reset 		CODE           	0003	0000	9
		_MFRC522_AntennaOn		CODE           	17F7	0000	9
		_MFRC522_Clear_Bit		CODE           	09D1	0000	18
		_MFRC522_AntennaOff		CODE           	17EE	0000	9
		_MFRC522_ToCard		CODE           	0297	0000	358
		_MFRC522_isCard		CODE           	09E3	0000	18
		_MFRC522_Set_Bit		CODE           	09A0	0000	16

./RC522.h estimated size: 721

./mainlcd.h
		_lenh          		CODE           	0AB4	0000	32
		_khoi_taoLCD   		CODE           	0A4D	0000	25
		_chuoi_kytu    		CODE           	0B6D	0000	43
		_du_lieu       		CODE           	0AD4	0000	34
		_clear_lcd     		CODE           	000C	0000	53
		_gui_Lenh      		CODE           	09B0	0000	16

./mainlcd.h estimated size: 203

shared
		__stringtab    		STRING         	0950	0000	18
		__initialization		CODE           	07E1	0000	27

shared estimated size: 45

./key_pad.h
		_khoi_taoKeypad		CODE           	0962	0000	12
		_switch_press_scan		CODE           	09C0	0000	17
		_keypad_scanner		CODE           	0141	0000	342

./key_pad.h estimated size: 371

